To honour the JVM settings for this build a single-use Daemon process will be forked. For more on this, please refer to https://docs.gradle.org/8.14/userguide/gradle_daemon.html#sec:disabling_the_daemon in the Gradle documentation.
Daemon will be stopped at the end of the build 

[Incubating] Problems report is available at: file:///C:/Users/PC/Work/kalpadb-api2/build/reports/problems/problems-report.html

FAILURE: Build failed with an exception.

* What went wrong:
A problem occurred configuring root project 'kalpadb-api'.
> Could not resolve all artifacts for configuration 'classpath'.
   > Could not resolve org.springframework.boot:spring-boot-gradle-plugin:4.0.1.
     Required by:
         root project : > org.springframework.boot:org.springframework.boot.gradle.plugin:4.0.1
      > Dependency requires at least JVM runtime version 17. This build uses a Java 8 JVM.

* Try:
> Run this build using a Java 17 or newer JVM.
> Run with --stacktrace option to get the stack trace.
> Run with --info or --debug option to get more log output.
> Run with --scan to get full insights.
> Get more help at https://help.gradle.org.

Deprecated Gradle features were used in this build, making it incompatible with Gradle 9.0.

You can use '--warning-mode all' to show the individual deprecation warnings and determine if they come from your own scripts or plugins.

For more on this, please refer to https://docs.gradle.org/8.14/userguide/command_line_interface.html#sec:command_line_warnings in the Gradle documentation.

BUILD FAILED in 8s
